// Jest Snapshot v1, https://goo.gl/fbAQLP

exports[`Renders correctly 1`] = `
.c0 {
  background: #FF0000;
}

<div
  className="c0"
/>
`;
